2026-10-05 08:24:35,103 INFO train: Run dir runs/mobilenetv3_large_100 | device cpu
2026-10-05 08:24:35,117 INFO train: Train class counts {'normal': 360, 'defective': 546} | val class counts {'normal': 81, 'defective': 117}
2026-10-05 08:24:35,117 INFO train: Class weights (inverse frequency): [1.2583333253860474, 0.8296703100204468]
2026-10-05 08:24:35,177 INFO timm.models._builder: Loading pretrained weights from file (weights/mobilenetv3_large_100_ra-f55367f5.pth)
2026-10-05 08:24:35,216 INFO timm.models._helpers: Loaded  from checkpoint 'weights/mobilenetv3_large_100_ra-f55367f5.pth'
2026-10-05 08:24:35,222 INFO timm.models._builder: Missing keys (classifier.weight, classifier.bias) discovered while loading pretrained weights. This is expected if model is being adapted.
2026-10-05 08:24:35,223 INFO defect_detection.models: Built mobilenetv3_large_100 (pretrained=True, 4.20M params)
2026-10-05 08:24:59,740 INFO train: epoch 01 | train_loss 0.5970 | val_loss 0.5732 | val F1 0.7033 P 0.9846 R 0.5470 AUC 0.8774 | 25s
2026-10-05 08:25:49,640 INFO train: epoch 02 | train_loss 0.5276 | val_loss 0.5182 | val F1 0.7980 P 0.9419 R 0.6923 AUC 0.8859 | 50s
2026-10-05 08:25:49,669 INFO train: Unfreezing backbone for full fine-tuning
2026-10-05 08:28:31,702 INFO train: epoch 03 | train_loss 0.4199 | val_loss 0.1459 | val F1 0.9620 P 0.9500 R 0.9744 AUC 0.9920 | 162s
2026-10-05 08:34:04,229 INFO train: epoch 04 | train_loss 0.2055 | val_loss 0.0697 | val F1 0.9914 P 1.0000 R 0.9829 AUC 0.9967 | 332s
2026-10-05 08:34:41,912 INFO train: epoch 05 | train_loss 0.1779 | val_loss 0.0816 | val F1 0.9870 P 1.0000 R 0.9744 AUC 0.9939 | 38s
2026-10-05 08:35:23,508 INFO train: epoch 06 | train_loss 0.1514 | val_loss 0.0736 | val F1 0.9914 P 1.0000 R 0.9829 AUC 0.9980 | 42s
2026-10-05 08:41:12,352 INFO train: epoch 07 | train_loss 0.1414 | val_loss 0.0587 | val F1 0.9870 P 1.0000 R 0.9744 AUC 0.9983 | 349s
2026-10-05 08:41:49,506 INFO train: epoch 08 | train_loss 0.1515 | val_loss 0.0545 | val F1 0.9826 P 1.0000 R 0.9658 AUC 0.9997 | 37s
2026-10-05 08:42:23,127 INFO train: epoch 09 | train_loss 0.1622 | val_loss 0.0605 | val F1 0.9870 P 1.0000 R 0.9744 AUC 0.9999 | 34s
2026-10-05 08:42:52,762 INFO train: epoch 10 | train_loss 0.1478 | val_loss 0.0371 | val F1 0.9957 P 1.0000 R 0.9915 AUC 1.0000 | 30s
2026-10-05 08:43:22,085 INFO train: epoch 11 | train_loss 0.1443 | val_loss 0.0424 | val F1 0.9957 P 1.0000 R 0.9915 AUC 1.0000 | 29s
2026-10-05 08:43:51,552 INFO train: epoch 12 | train_loss 0.1397 | val_loss 0.0347 | val F1 0.9957 P 1.0000 R 0.9915 AUC 1.0000 | 29s
2026-10-05 08:44:20,946 INFO train: epoch 13 | train_loss 0.1393 | val_loss 0.0321 | val F1 0.9957 P 1.0000 R 0.9915 AUC 1.0000 | 29s
2026-10-05 08:44:50,128 INFO train: epoch 14 | train_loss 0.1358 | val_loss 0.0353 | val F1 0.9957 P 1.0000 R 0.9915 AUC 1.0000 | 29s
2026-10-05 08:45:20,230 INFO train: epoch 15 | train_loss 0.1365 | val_loss 0.0274 | val F1 1.0000 P 1.0000 R 1.0000 AUC 1.0000 | 30s
2026-10-05 08:45:50,253 INFO train: epoch 16 | train_loss 0.1312 | val_loss 0.0267 | val F1 1.0000 P 1.0000 R 1.0000 AUC 1.0000 | 30s
2026-10-05 08:46:19,943 INFO train: epoch 17 | train_loss 0.1292 | val_loss 0.0325 | val F1 1.0000 P 1.0000 R 1.0000 AUC 1.0000 | 30s
2026-10-05 08:46:49,768 INFO train: epoch 18 | train_loss 0.1316 | val_loss 0.0314 | val F1 1.0000 P 1.0000 R 1.0000 AUC 1.0000 | 30s
2026-10-05 08:47:19,590 INFO train: epoch 19 | train_loss 0.1283 | val_loss 0.0301 | val F1 1.0000 P 1.0000 R 1.0000 AUC 1.0000 | 30s
2026-10-05 08:47:49,213 INFO train: epoch 20 | train_loss 0.1368 | val_loss 0.0270 | val F1 1.0000 P 1.0000 R 1.0000 AUC 1.0000 | 30s
2026-10-05 08:48:18,718 INFO train: epoch 21 | train_loss 0.1318 | val_loss 0.0285 | val F1 1.0000 P 1.0000 R 1.0000 AUC 1.0000 | 30s
2026-10-05 08:48:47,940 INFO train: epoch 22 | train_loss 0.1265 | val_loss 0.0276 | val F1 1.0000 P 1.0000 R 1.0000 AUC 1.0000 | 29s
2026-10-05 08:49:17,026 INFO train: epoch 23 | train_loss 0.1305 | val_loss 0.0275 | val F1 1.0000 P 1.0000 R 1.0000 AUC 1.0000 | 29s
2026-10-05 08:49:17,026 INFO train: Early stopping at epoch 23 (best epoch 16)
